Training:   0%|          | 2/500 [00:03<13:24,  1.61s/it, loss=4.51]
Generated text at step 5000: inventory to particularise their abundance's king;
He hath not me to lose the deed of his grace
Unto the field to blood and unses'd their eyes:
So, then well,--
But they were, for no man,
And I, to make their deed,
Bear him in his death.

First Murderer:
To
Training:  50%|█████     | 252/500 [01:03<03:15,  1.27it/s, loss=4.16]
Generated text at step 5250: inventory to particularise their abundance;
And if thou be no more, but for a man
him and Romeo may be a man.

BENVOLIO:

MERCUTIO:
Romeo, I did die, thou wilt give.

MERCUTIO:
Be some than one, a better of a man:
Mid's a a a bawd, I will w
Training: 100%|██████████| 500/500 [02:02<00:00,  4.09it/s, loss=3.83]